// Jest Snapshot v1, https://goo.gl/fbAQLP

exports[`<MemoChild /> renders without crashing 1`] = `ShallowWrapper {}`;
